192.168.1.100 - - [10/Feb/2023:14:32:45 +0000] "GET /index.html HTTP/1.1" 200 5432 "https://www.example.com" "Mozilla/5.0 (Windows NT 10.0; Win64; x64) AppleWebKit/537.36 (KHTML, like Gecko) Chrome/100.0.4567.89 Safari/537.36"
203.45.67.89 - - [10/Feb/2023:14:35:12 +0000] "POST /login HTTP/1.1" 302 0 "https://www.example.com/login" "Mozilla/5.0 (Windows NT 10.0; Win64; x64) AppleWebKit/537.36 (KHTML, like Gecko) Chrome/100.0.4567.89 Safari/537.36"
156.78.90.12 - - [10/Feb/2023:14:37:58 +0000] "GET /images/logo.png HTTP/1.1" 304 0 "https://www.example.com/home" "Mozilla/5.0 (Windows NT 10.0; Win64; x64) AppleWebKit/537.36 (KHTML, like Gecko) Chrome/100.0.4567.89 Safari/537.36"
213.54.76.98 - - [10/Feb/2023:14:40:23 +0000] "GET /about-us.html HTTP/1.1" 404 0 "https://www.example.com/about" "Mozilla/5.0 (Windows NT 10.0; Win64; x64) AppleWebKit/537.36 (KHTML, like Gecko) Chrome/100.0.4567.89 Safari/537.36"
112.23.34.45 - - [10/Feb/2023:14:42:51 +0000] "GET /contact.html HTTP/1.1" 200 2315 "https://www.example.com/contact" "Mozilla/5.0 (Windows NT 10.0; Win64; x64) AppleWebKit/537.36 (KHTML, like Gecko) Chrome/100.0.4567.89 Safari/537.36"
129.64.56.87 - - [10/Feb/2023:14:45:17 +0000] "GET /products.html HTTP/1.1" 200 7890 "https://www.example.com/products" "Mozilla/5.0 (Windows NT 10.0; Win64; x64) AppleWebKit/537.36 (KHTML, like Gecko) Chrome/100.0.4567.89 Safari/537.36"
201.30.45.60 - - [10/Feb/2023:14:48:39 +0000] "GET /services.html HTTP/1.1" 200 4210 "https://www.example.com/services" "Mozilla/5.0 (Windows NT 10.0; Win64; x64) AppleWebKit/537.36 (KHTML, like Gecko) Chrome/100.0.4567.89 Safari/537.36"
150.89.70.42 - - [10/Feb/2023:14:52:04 +0000] "GET /faq.html HTTP/1.1" 200 3101 "https://www.example.com/faq" "Mozilla/5.0 (Windows NT 10.0; Win64; x64) AppleWebKit/537.36 (KHTML, like Gecko) Chrome/100.0.4567.89 Safari/537.36"
132.76.54.12 - - [10/Feb/2023:14:55:22 +0000] "GET /blog/post-123.html HTTP/1.1" 200 12345 "https://www.example.com/blog" "Mozilla/5.0 (Windows NT 10.0; Win64; x64) AppleWebKit/537.36 (KHTML, like Gecko) Chrome/100.0.4567.89 Safari/537.36"
207.98.54.23 - - [10/Feb/2023:14:58:45 +0000] "GET /images/banner.jpg HTTP/1.1" 200 5678 "https://www.example.com/home" "Mozilla/5.0 (Windows NT 10.0; Win64; x64) AppleWebKit/537.36 (KHTML, like Gecko) Chrome/100.0.4567.89 Safari/537.36"
203.45.67.89 - - [10/Feb/2023:15:02:11 +0000] "GET /404-not-found.html HTTP/1.1" 404 0 "https://www.example.com/not-found" "Mozilla/5.0 (Windows NT 10.0; Win64; x64) AppleWebKit/537.36 (KHTML, like Gecko) Chrome/100.0.4567.89 Safari/537.36"
112.23.34.45 - - [10/Feb/2023:15:05:35 +0000] "GET /download/file.zip HTTP/1.1" 200 20340 "https://www.example.com/downloads" "Mozilla/5.0 (Windows NT 10.0; Win64; x64) AppleWebKit/537.36 (KHTML, like Gecko) Chrome/100.0.4567.89 Safari/537.36"
129.64.56.87 - - [10/Feb/2023:15:08:59 +0000] "POST /submit-form HTTP/1.1" 201 0 "https://www.example.com/forms" "Mozilla/5.0 (Windows NT 10.0; Win64; x64) AppleWebKit/537.36 (KHTML, like Gecko) Chrome/100.0.4567.89 Safari/537.36"
201.30.45.60 - - [10/Feb/2023:15:12:23 +0000] "GET /profile/user123 HTTP/1.1" 200 4321 "https://www.example.com/profiles" "Mozilla/5.0 (Windows NT 10.0; Win64; x64) AppleWebKit/537.36 (KHTML, like Gecko) Chrome/100.0.4567.89 Safari/537.36"
150.89.70.42 - - [10/Feb/2023:15:15:47 +0000] "GET /images/gallery/photo1.jpg HTTP/1.1" 200 2435 "https://www.example.com/gallery" "Mozilla/5.0 (Windows NT 10.0; Win64; x64) AppleWebKit/537.36 (KHTML, like Gecko) Chrome/100.0.4567.89 Safari/537.36"
192.168.1.200 - - [10/Feb/2023:14:32:45 +0000] "GET /index.html HTTP/1.1" 200 5432 "https://www.example.com" "Mozilla/5.0 (Windows NT 10.0; Win64; x64) AppleWebKit/537.36 (KHTML, like Gecko) Chrome/100.0.4567.89 Safari/537.36"
203.45.67.89 - - [10/Feb/2023:14:35:12 +0000] "POST /login HTTP/1.1" 302 0 "https://www.example.com/login" "Mozilla/5.0 (Windows NT 10.0; Win64; x64) AppleWebKit/537.36 (KHTML, like Gecko) Chrome/100.0.4567.89 Safari/537.36"
156.78.90.12 - - [10/Feb/2023:14:37:58 +0000] "GET /images/logo.png HTTP/1.1" 304 0 "https://www.example.com/home" "Mozilla/5.0 (Windows NT 10.0; Win64; x64) AppleWebKit/537.36 (KHTML, like Gecko) Chrome/100.0.4567.89 Safari/537.36"
213.54.76.98 - - [10/Feb/2023:14:40:23 +0000] "GET /about-us.html HTTP/1.1" 404 0 "https://www.example.com/about" "Mozilla/5.0 (Windows NT 10.0; Win64; x64) AppleWebKit/537.36 (KHTML, like Gecko) Chrome/100.0.4567.89 Safari/537.36"
112.23.34.45 - - [10/Feb/2023:14:42:51 +0000] "GET /contact.html HTTP/1.1" 200 2315 "https://www.example.com/contact" "Mozilla/5.0 (Windows NT 10.0; Win64; x64) AppleWebKit/537.36 (KHTML, like Gecko) Chrome/100.0.4567.89 Safari/537.36"
129.64.56.87 - - [10/Feb/2023:14:45:17 +0000] "GET /products.html HTTP/1.1" 200 7890 "https://www.example.com/products" "Mozilla/5.0 (Windows NT 10.0; Win64; x64) AppleWebKit/537.36 (KHTML, like Gecko) Chrome/100.0.4567.89 Safari/537.36"
201.30.45.60 - - [10/Feb/2023:14:48:39 +0000] "GET /services.html HTTP/1.1" 200 4210 "https://www.example.com/services" "Mozilla/5.0 (Windows NT 10.0; Win64; x64) AppleWebKit/537.36 (KHTML, like Gecko) Chrome/100.0.4567.89 Safari/537.36"
150.89.70.42 - - [10/Feb/2023:14:52:04 +0000] "GET /faq.html HTTP/1.1" 200 3101 "https://www.example.com/faq" "Mozilla/5.0 (Windows NT 10.0; Win64; x64) AppleWebKit/537.36 (KHTML, like Gecko) Chrome/100.0.4567.89 Safari/537.36"
132.76.54.12 - - [10/Feb/2023:14:55:22 +0000] "GET /blog/post-123.html HTTP/1.1" 200 12345 "https://www.example.com/blog" "Mozilla/5.0 (Windows NT 10.0; Win64; x64) AppleWebKit/537.36 (KHTML, like Gecko) Chrome/100.0.4567.89 Safari/537.36"
207.98.54.23 - - [10/Feb/2023:14:58:45 +0000] "GET /images/banner.jpg HTTP/1.1" 200 5678 "https://www.example.com/home" "Mozilla/5.0 (Windows NT 10.0; Win64; x64) AppleWebKit/537.36 (KHTML, like Gecko) Chrome/100.0.4567.89 Safari/537.36"
203.45.67.89 - - [10/Feb/2023:15:02:11 +0000] "GET /404-not-found.html HTTP/1.1" 404 0 "https://www.example.com/not-found" "Mozilla/5.0 (Windows NT 10.0; Win64; x64) AppleWebKit/537.36 (KHTML, like Gecko) Chrome/100.0.4567.89 Safari/537.36"
112.23.34.45 - - [10/Feb/2023:15:05:35 +0000] "GET /download/file.zip HTTP/1.1" 200 20340 "https://www.example.com/downloads" "Mozilla/5.0 (Windows NT 10.0; Win64; x64) AppleWebKit/537.36 (KHTML, like Gecko) Chrome/100.0.4567.89 Safari/537.36"
129.64.56.87 - - [10/Feb/2023:15:08:59 +0000] "POST /submit-form HTTP/1.1" 201 0 "https://www.example.com/forms" "Mozilla/5.0 (Windows NT 10.0; Win64; x64) AppleWebKit/537.36 (KHTML, like Gecko) Chrome/100.0.4567.89 Safari/537.36"
201.30.45.60 - - [10/Feb/2023:15:12:23 +0000] "GET /profile/user123 HTTP/1.1" 200 4321 "https://www.example.com/profiles" "Mozilla/5.0 (Windows NT 10.0; Win64; x64) AppleWebKit/537.36 (KHTML, like Gecko) Chrome/100.0.4567.89 Safari/537.36"
150.89.70.42 - - [10/Feb/2023:15:15:47 +0000] "GET /images/gallery/photo1.jpg HTTP/1.1" 200 2435 "https://www.example.com/gallery" "Mozilla/5.0 (Windows NT 10.0; Win64; x64) AppleWebKit/537.36 (KHTML, like Gecko) Chrome/100.0.4567.89 Safari/537.36"
192.168.1.200 - - [10/Feb/2023:14:32:45 +0000] "GET /index.html HTTP/1.1" 200 5432 "https://www.example.com" "Mozilla/5.0 (Windows NT 10.0; Win64; x64) AppleWebKit/537.36 (KHTML, like Gecko) Chrome/100.0.4567.89 Safari/537.36"
203.45.67.89 - - [10/Feb/2023:14:35:12 +0000] "POST /login HTTP/1.1" 302 0 "https://www.example.com/login" "Mozilla/5.0 (Windows NT 10.0; Win64; x64) AppleWebKit/537.36 (KHTML, like Gecko) Chrome/100.0.4567.89 Safari/537.36"
156.78.90.12 - - [10/Feb/2023:14:37:58 +0000] "GET /images/logo.png HTTP/1.1" 304 0 "https://www.example.com/home" "Mozilla/5.0 (Windows NT 10.0; Win64; x64) AppleWebKit/537.36 (KHTML, like Gecko) Chrome/100.0.4567.89 Safari/537.36"
132.76.54.12 - - [10/Feb/2023:14:55:22 +0000] "GET /blog/post-123.html HTTP/1.1" 200 12345 "https://www.example.com/blog" "Mozilla/5.0 (Windows NT 10.0; Win64; x64) AppleWebKit/537.36 (KHTML, like Gecko) Chrome/100.0.4567.89 Safari/537.36"
207.98.54.23 - - [10/Feb/2023:14:58:45 +0000] "GET /images/banner.jpg HTTP/1.1" 200 5678 "https://www.example.com/home" "Mozilla/5.0 (Windows NT 10.0; Win64; x64) AppleWebKit/537.36 (KHTML, like Gecko) Chrome/100.0.4567.89 Safari/537.36"
203.45.67.89 - - [10/Feb/2023:15:02:11 +0000] "GET /404-not-found.html HTTP/1.1" 404 0 "https://www.example.com/not-found" "Mozilla/5.0 (Windows NT 10.0; Win64; x64) AppleWebKit/537.36 (KHTML, like Gecko) Chrome/100.0.4567.89 Safari/537.36"
112.23.34.45 - - [10/Feb/2023:15:05:35 +0000] "GET /download/file.zip HTTP/1.1" 200 20340 "https://www.example.com/downloads" "Mozilla/5.0 (Windows NT 10.0; Win64; x64) AppleWebKit/537.36 (KHTML, like Gecko) Chrome/100.0.4567.89 Safari/537.36"
129.64.56.87 - - [10/Feb/2023:15:08:59 +0000] "POST /submit-form HTTP/1.1" 201 0 "https://www.example.com/forms" "Mozilla/5.0 (Windows NT 10.0; Win64; x64) AppleWebKit/537.36 (KHTML, like Gecko) Chrome/100.0.4567.89 Safari/537.36"
201.30.45.60 - - [10/Feb/2023:15:12:23 +0000] "GET /profile/user123 HTTP/1.1" 200 4321 "https://www.example.com/profiles" "Mozilla/5.0 (Windows NT 10.0; Win64; x64) AppleWebKit/537.36 (KHTML, like Gecko) Chrome/100.0.4567.89 Safari/537.36"
150.89.70.42 - - [10/Feb/2023:15:15:47 +0000] "GET /images/gallery/photo1.jpg HTTP/1.1" 200 2435 "https://www.example.com/gallery" "Mozilla/5.0 (Windows NT 10.0; Win64; x64) AppleWebKit/537.36 (KHTML, like Gecko) Chrome/100.0.4567.89 Safari/537.36"
192.168.1.200 - - [10/Feb/2023:14:32:45 +0000] "GET /index.html HTTP/1.1" 200 5432 "https://www.example.com" "Mozilla/5.0 (Windows NT 10.0; Win64; x64) AppleWebKit/537.36 (KHTML, like Gecko) Chrome/100.0.4567.89 Safari/537.36"
203.45.67.89 - - [10/Feb/2023:14:35:12 +0000] "POST /login HTTP/1.1" 302 0 "https://www.example.com/login" "Mozilla/5.0 (Windows NT 10.0; Win64; x64) AppleWebKit/537.36 (KHTML, like Gecko) Chrome/100.0.4567.89 Safari/537.36"
156.78.90.12 - - [10/Feb/2023:14:37:58 +0000] "GET /images/logo.png HTTP/1.1" 304 0 "https://www.example.com/home" "Mozilla/5.0 (Windows NT 10.0; Win64; x64) AppleWebKit/537.36 (KHTML, like Gecko) Chrome/100.0.4567.89 Safari/537.36"
213.54.76.98 - - [10/Feb/2023:14:40:23 +0000] "GET /about-us.html HTTP/1.1" 404 0 "https://www.example.com/about" "Mozilla/5.0 (Windows NT 10.0; Win64; x64) AppleWebKit/537.36 (KHTML, like Gecko) Chrome/100.0.4567.89 Safari/537.36"
112.23.34.45 - - [10/Feb/2023:14:42:51 +0000] "GET /contact.html HTTP/1.1" 200 2315 "https://www.example.com/contact" "Mozilla/5.0 (Windows NT 10.0; Win64; x64) AppleWebKit/537.36 (KHTML, like Gecko) Chrome/100.0.4567.89 Safari/537.36"
129.64.56.87 - - [10/Feb/2023:14:45:17 +0000] "GET /products.html HTTP/1.1" 200 7890 "https://www.example.com/products" "Mozilla/5.0 (Windows NT 10.0; Win64; x64) AppleWebKit/537.36 (KHTML, like Gecko) Chrome/100.0.4567.89 Safari/537.36"
201.30.45.60 - - [10/Feb/2023:14:48:39 +0000] "GET /services.html HTTP/1.1" 200 4210 "https://www.example.com/services" "Mozilla/5.0 (Windows NT 10.0; Win64; x64) AppleWebKit/537.36 (KHTML, like Gecko) Chrome/100.0.4567.89 Safari/537.36"
150.89.70.42 - - [10/Feb/2023:14:52:04 +0000] "GET /faq.html HTTP/1.1" 200 3101 "https://www.example.com/faq" "Mozilla/5.0 (Windows NT 10.0; Win64; x64) AppleWebKit/537.36 (KHTML, like Gecko) Chrome/100.0.4567.89 Safari/537.36"
132.76.54.12 - - [10/Feb/2023:14:55:22 +0000] "GET /blog/post-123.html HTTP/1.1" 200 12345 "https://www.example.com/blog" "Mozilla/5.0 (Windows NT 10.0; Win64; x64) AppleWebKit/537.36 (KHTML, like Gecko) Chrome/100.0.4567.89 Safari/537.36"
207.98.54.23 - - [10/Feb/2023:14:58:45 +0000] "GET /images/banner.jpg HTTP/1.1" 200 5678 "https://www.example.com/home" "Mozilla/5.0 (Windows NT 10.0; Win64; x64) AppleWebKit/537.36 (KHTML, like Gecko) Chrome/100.0.4567.89 Safari/537.36"
203.45.67.89 - - [10/Feb/2023:15:02:11 +0000] "GET /404-not-found.html HTTP/1.1" 404 0 "https://www.example.com/not-found" "Mozilla/5.0 (Windows NT 10.0; Win64; x64) AppleWebKit/537.36 (KHTML, like Gecko) Chrome/100.0.4567.89 Safari/537.36"
112.23.34.45 - - [10/Feb/2023:15:05:35 +0000] "GET /download/file.zip HTTP/1.1" 200 20340 "https://www.example.com/downloads" "Mozilla/5.0 (Windows NT 10.0; Win64; x64) AppleWebKit/537.36 (KHTML, like Gecko) Chrome/100.0.4567.89 Safari/537.36"
129.64.56.87 - - [10/Feb/2023:15:08:59 +0000] "POST /submit-form HTTP/1.1" 201 0 "https://www.example.com/forms" "Mozilla/5.0 (Windows NT 10.0; Win64; x64) AppleWebKit/537.36 (KHTML, like Gecko) Chrome/100.0.4567.89 Safari/537.36"
201.30.45.60 - - [10/Feb/2023:15:12:23 +0000] "GET /profile/user123 HTTP/1.1" 200 4321 "https://www.example.com/profiles" "Mozilla/5.0 (Windows NT 10.0; Win64; x64) AppleWebKit/537.36 (KHTML, like Gecko) Chrome/100.0.4567.89 Safari/537.36"
150.89.70.42 - - [10/Feb/2023:15:15:47 +0000] "GET /images/gallery/photo1.jpg HTTP/1.1" 200 2435 "https://www.example.com/gallery" "Mozilla/5.0 (Windows NT 10.0; Win64; x64) AppleWebKit/537.36 (KHTML, like Gecko) Chrome/100.0.4567.89 Safari/537.36"
192.168.1.100 - - [10/Feb/2023:14:32:45 +0000] "GET /index.html HTTP/1.1" 200 5432 "https://www.example.com" "Mozilla/5.0 (Windows NT 10.0; Win64; x64) AppleWebKit/537.36 (KHTML, like Gecko) Chrome/100.0.4567.89 Safari/537.36"
203.45.67.89 - - [10/Feb/2023:14:35:12 +0000] "POST /login HTTP/1.1" 302 0 "https://www.example.com/login" "Mozilla/5.0 (Windows NT 10.0; Win64; x64) AppleWebKit/537.36 (KHTML, like Gecko) Chrome/100.0.4567.89 Safari/537.36"
156.78.90.12 - - [10/Feb/2023:14:37:58 +0000] "GET /images/logo.png HTTP/1.1" 304 0 "https://www.example.com/home" "Mozilla/5.0 (Windows NT 10.0; Win64; x64) AppleWebKit/537.36 (KHTML, like Gecko) Chrome/100.0.4567.89 Safari/537.36"
213.54.76.98 - - [10/Feb/2023:14:40:23 +0000] "GET /about-us.html HTTP/1.1" 404 0 "https://www.example.com/about" "Mozilla/5.0 (Windows NT 10.0; Win64; x64) AppleWebKit/537.36 (KHTML, like Gecko) Chrome/100.0.4567.89 Safari/537.36"
112.23.34.45 - - [10/Feb/2023:14:42:51 +0000] "GET /contact.html HTTP/1.1" 200 2315 "https://www.example.com/contact" "Mozilla/5.0 (Windows NT 10.0; Win64; x64) AppleWebKit/537.36 (KHTML, like Gecko) Chrome/100.0.4567.89 Safari/537.36"
129.64.56.87 - - [10/Feb/2023:14:45:17 +0000] "GET /products.html HTTP/1.1" 200 7890 "https://www.example.com/products" "Mozilla/5.0 (Windows NT 10.0; Win64; x64) AppleWebKit/537.36 (KHTML, like Gecko) Chrome/100.0.4567.89 Safari/537.36"
201.30.45.60 - - [10/Feb/2023:14:48:39 +0000] "GET /services.html HTTP/1.1" 200 4210 "https://www.example.com/services" "Mozilla/5.0 (Windows NT 10.0; Win64; x64) AppleWebKit/537.36 (KHTML, like Gecko) Chrome/100.0.4567.89 Safari/537.36"
150.89.70.42 - - [10/Feb/2023:14:52:04 +0000] "GET /faq.html HTTP/1.1" 200 3101 "https://www.example.com/faq" "Mozilla/5.0 (Windows NT 10.0; Win64; x64) AppleWebKit/537.36 (KHTML, like Gecko) Chrome/100.0.4567.89 Safari/537.36"
132.76.54.12 - - [10/Feb/2023:14:55:22 +0000] "GET /blog/post-123.html HTTP/1.1" 200 12345 "https://www.example.com/blog" "Mozilla/5.0 (Windows NT 10.0; Win64; x64) AppleWebKit/537.36 (KHTML, like Gecko) Chrome/100.0.4567.89 Safari/537.36"
207.98.54.23 - - [10/Feb/2023:14:58:45 +0000] "GET /images/banner.jpg HTTP/1.1" 200 5678 "https://www.example.com/home" "Mozilla/5.0 (Windows NT 10.0; Win64; x64) AppleWebKit/537.36 (KHTML, like Gecko) Chrome/100.0.4567.89 Safari/537.36"
203.45.67.89 - - [10/Feb/2023:15:02:11 +0000] "GET /404-not-found.html HTTP/1.1" 404 0 "https://www.example.com/not-found" "Mozilla/5.0 (Windows NT 10.0; Win64; x64) AppleWebKit/537.36 (KHTML, like Gecko) Chrome/100.0.4567.89 Safari/537.36"
112.23.34.45 - - [10/Feb/2023:15:05:35 +0000] "GET /download/file.zip HTTP/1.1" 200 20340 "https://www.example.com/downloads" "Mozilla/5.0 (Windows NT 10.0; Win64; x64) AppleWebKit/537.36 (KHTML, like Gecko) Chrome/100.0.4567.89 Safari/537.36"
129.64.56.87 - - [10/Feb/2023:15:08:59 +0000] "POST /submit-form HTTP/1.1" 201 0 "https://www.example.com/forms" "Mozilla/5.0 (Windows NT 10.0; Win64; x64) AppleWebKit/537.36 (KHTML, like Gecko) Chrome/100.0.4567.89 Safari/537.36"
201.30.45.60 - - [10/Feb/2023:15:12:23 +0000] "GET /profile/user123 HTTP/1.1" 200 4321 "https://www.example.com/profiles" "Mozilla/5.0 (Windows NT 10.0; Win64; x64) AppleWebKit/537.36 (KHTML, like Gecko) Chrome/100.0.4567.89 Safari/537.36"
150.89.70.42 - - [10/Feb/2023:15:15:47 +0000] "GET /images/gallery/photo1.jpg HTTP/1.1" 200 2435 "https://www.example.com/gallery" "Mozilla/5.0 (Windows NT 10.0; Win64; x64) AppleWebKit/537.36 (KHTML, like Gecko) Chrome/100.0.4567.89 Safari/537.36"
192.168.1.200 - - [10/Feb/2023:14:32:45 +0000] "GET /index.html HTTP/1.1" 200 5432 "https://www.example.com" "Mozilla/5.0 (Windows NT 10.0; Win64; x64) AppleWebKit/537.36 (KHTML, like Gecko) Chrome/100.0.4567.89 Safari/537.36"
203.45.67.89 - - [10/Feb/2023:14:35:12 +0000] "POST /login HTTP/1.1" 302 0 "https://www.example.com/login" "Mozilla/5.0 (Windows NT 10.0; Win64; x64) AppleWebKit/537.36 (KHTML, like Gecko) Chrome/100.0.4567.89 Safari/537.36"
156.78.90.12 - - [10/Feb/2023:14:37:58 +0000] "GET /images/logo.png HTTP/1.1" 304 0 "https://www.example.com/home" "Mozilla/5.0 (Windows NT 10.0; Win64; x64) AppleWebKit/537.36 (KHTML, like Gecko) Chrome/100.0.4567.89 Safari/537.36"
213.54.76.98 - - [10/Feb/2023:14:40:23 +0000] "GET /about-us.html HTTP/1.1" 404 0 "https://www.example.com/about" "Mozilla/5.0 (Windows NT 10.0; Win64; x64) AppleWebKit/537.36 (KHTML, like Gecko) Chrome/100.0.4567.89 Safari/537.36"
112.23.34.45 - - [10/Feb/2023:14:42:51 +0000] "GET /contact.html HTTP/1.1" 200 2315 "https://www.example.com/contact" "Mozilla/5.0 (Windows NT 10.0; Win64; x64) AppleWebKit/537.36 (KHTML, like Gecko) Chrome/100.0.4567.89 Safari/537.36"
129.64.56.87 - - [10/Feb/2023:14:45:17 +0000] "GET /products.html HTTP/1.1" 200 7890 "https://www.example.com/products" "Mozilla/5.0 (Windows NT 10.0; Win64; x64) AppleWebKit/537.36 (KHTML, like Gecko) Chrome/100.0.4567.89 Safari/537.36"
201.30.45.60 - - [10/Feb/2023:14:48:39 +0000] "GET /services.html HTTP/1.1" 200 4210 "https://www.example.com/services" "Mozilla/5.0 (Windows NT 10.0; Win64; x64) AppleWebKit/537.36 (KHTML, like Gecko) Chrome/100.0.4567.89 Safari/537.36"
150.89.70.42 - - [10/Feb/2023:14:52:04 +0000] "GET /faq.html HTTP/1.1" 200 3101 "https://www.example.com/faq" "Mozilla/5.0 (Windows NT 10.0; Win64; x64) AppleWebKit/537.36 (KHTML, like Gecko) Chrome/100.0.4567.89 Safari/537.36"
132.76.54.12 - - [10/Feb/2023:14:55:22 +0000] "GET /blog/post-123.html HTTP/1.1" 200 12345 "https://www.example.com/blog" "Mozilla/5.0 (Windows NT 10.0; Win64; x64) AppleWebKit/537.36 (KHTML, like Gecko) Chrome/100.0.4567.89 Safari/537.36"
207.98.54.23 - - [10/Feb/2023:14:58:45 +0000] "GET /images/banner.jpg HTTP/1.1" 200 5678 "https://www.example.com/home" "Mozilla/5.0 (Windows NT 10.0; Win64; x64) AppleWebKit/537.36 (KHTML, like Gecko) Chrome/100.0.4567.89 Safari/537.36"
203.45.67.89 - - [10/Feb/2023:15:02:11 +0000] "GET /404-not-found.html HTTP/1.1" 404 0 "https://www.example.com/not-found" "Mozilla/5.0 (Windows NT 10.0; Win64; x64) AppleWebKit/537.36 (KHTML, like Gecko) Chrome/100.0.4567.89 Safari/537.36"
112.23.34.45 - - [10/Feb/2023:15:05:35 +0000] "GET /download/file.zip HTTP/1.1" 200 20340 "https://www.example.com/downloads" "Mozilla/5.0 (Windows NT 10.0; Win64; x64) AppleWebKit/537.36 (KHTML, like Gecko) Chrome/100.0.4567.89 Safari/537.36"
129.64.56.87 - - [10/Feb/2023:15:08:59 +0000] "POST /submit-form HTTP/1.1" 201 0 "https://www.example.com/forms" "Mozilla/5.0 (Windows NT 10.0; Win64; x64) AppleWebKit/537.36 (KHTML, like Gecko) Chrome/100.0.4567.89 Safari/537.36"
201.30.45.60 - - [10/Feb/2023:15:12:23 +0000] "GET /profile/user123 HTTP/1.1" 200 4321 "https://www.example.com/profiles" "Mozilla/5.0 (Windows NT 10.0; Win64; x64) AppleWebKit/537.36 (KHTML, like Gecko) Chrome/100.0.4567.89 Safari/537.36"
150.89.70.42 - - [10/Feb/2023:15:15:47 +0000] "GET /images/gallery/photo1.jpg HTTP/1.1" 200 2435 "https://www.example.com/gallery" "Mozilla/5.0 (Windows NT 10.0; Win64; x64) AppleWebKit/537.36 (KHTML, like Gecko) Chrome/100.0.4567.89 Safari/537.36"
192.168.1.100 - - [10/Feb/2023:14:32:45 +0000] "GET /index.html HTTP/1.1" 200 5432 "https://www.example.com" "Mozilla/5.0 (Windows NT 10.0; Win64; x64) AppleWebKit/537.36 (KHTML, like Gecko) Chrome/100.0.4567.89 Safari/537.36"
203.45.67.89 - - [10/Feb/2023:14:35:12 +0000] "POST /login HTTP/1.1" 302 0 "https://www.example.com/login" "Mozilla/5.0 (Windows NT 10.0; Win64; x64) AppleWebKit/537.36 (KHTML, like Gecko) Chrome/100.0.4567.89 Safari/537.36"
156.78.90.12 - - [10/Feb/2023:14:37:58 +0000] "GET /images/logo.png HTTP/1.1" 304 0 "https://www.example.com/home" "Mozilla/5.0 (Windows NT 10.0; Win64; x64) AppleWebKit/537.36 (KHTML, like Gecko) Chrome/100.0.4567.89 Safari/537.36"
213.54.76.98 - - [10/Feb/2023:14:40:23 +0000] "GET /about-us.html HTTP/1.1" 404 0 "https://www.example.com/about" "Mozilla/5.0 (Windows NT 10.0; Win64; x64) AppleWebKit/537.36 (KHTML, like Gecko) Chrome/100.0.4567.89 Safari/537.36"
112.23.34.45 - - [10/Feb/2023:14:42:51 +0000] "GET /contact.html HTTP/1.1" 200 2315 "https://www.example.com/contact" "Mozilla/5.0 (Windows NT 10.0; Win64; x64) AppleWebKit/537.36 (KHTML, like Gecko) Chrome/100.0.4567.89 Safari/537.36"
129.64.56.87 - - [10/Feb/2023:14:45:17 +0000] "GET /products.html HTTP/1.1" 200 7890 "https://www.example.com/products" "Mozilla/5.0 (Windows NT 10.0; Win64; x64) AppleWebKit/537.36 (KHTML, like Gecko) Chrome/100.0.4567.89 Safari/537.36"
201.30.45.60 - - [10/Feb/2023:14:48:39 +0000] "GET /services.html HTTP/1.1" 200 4210 "https://www.example.com/services" "Mozilla/5.0 (Windows NT 10.0; Win64; x64) AppleWebKit/537.36 (KHTML, like Gecko) Chrome/100.0.4567.89 Safari/537.36"
150.89.70.42 - - [10/Feb/2023:14:52:04 +0000] "GET /faq.html HTTP/1.1" 200 3101 "https://www.example.com/faq" "Mozilla/5.0 (Windows NT 10.0; Win64; x64) AppleWebKit/537.36 (KHTML, like Gecko) Chrome/100.0.4567.89 Safari/537.36"
132.76.54.12 - - [10/Feb/2023:14:55:22 +0000] "GET /blog/post-123.html HTTP/1.1" 200 12345 "https://www.example.com/blog" "Mozilla/5.0 (Windows NT 10.0; Win64; x64) AppleWebKit/537.36 (KHTML, like Gecko) Chrome/100.0.4567.89 Safari/537.36"
207.98.54.23 - - [10/Feb/2023:14:58:45 +0000] "GET /images/banner.jpg HTTP/1.1" 200 5678 "https://www.example.com/home" "Mozilla/5.0 (Windows NT 10.0; Win64; x64) AppleWebKit/537.36 (KHTML, like Gecko) Chrome/100.0.4567.89 Safari/537.36"
203.45.67.89 - - [10/Feb/2023:15:02:11 +0000] "GET /404-not-found.html HTTP/1.1" 404 0 "https://www.example.com/not-found" "Mozilla/5.0 (Windows NT 10.0; Win64; x64) AppleWebKit/537.36 (KHTML, like Gecko)
192.168.1.100 - - [10/Feb/2023:14:32:45 +0000] "GET /index.html HTTP/1.1" 200 5432 "https://www.example.com" "Mozilla/5.0 (Windows NT 10.0; Win64; x64) AppleWebKit/537.36 (KHTML, like Gecko) Chrome/100.0.4567.89 Safari/537.36"
203.45.67.89 - - [10/Feb/2023:14:35:12 +0000] "POST /login HTTP/1.1" 302 0 "https://www.example.com/login" "Mozilla/5.0 (Windows NT 10.0; Win64; x64) AppleWebKit/537.36 (KHTML, like Gecko) Chrome/100.0.4567.89 Safari/537.36"
156.78.90.12 - - [10/Feb/2023:14:37:58 +0000] "GET /images/logo.png HTTP/1.1" 304 0 "https://www.example.com/home" "Mozilla/5.0 (Windows NT 10.0; Win64; x64) AppleWebKit/537.36 (KHTML, like Gecko) Chrome/100.0.4567.89 Safari/537.36"
213.54.76.98 - - [10/Feb/2023:14:40:23 +0000] "GET /about-us.html HTTP/1.1" 404 0 "https://www.example.com/about" "Mozilla/5.0 (Windows NT 10.0; Win64; x64) AppleWebKit/537.36 (KHTML, like Gecko) Chrome/100.0.4567.89 Safari/537.36"
112.23.34.45 - - [10/Feb/2023:14:42:51 +0000] "GET /contact.html HTTP/1.1" 200 2315 "https://www.example.com/contact" "Mozilla/5.0 (Windows NT 10.0; Win64; x64) AppleWebKit/537.36 (KHTML, like Gecko) Chrome/100.0.4567.89 Safari/537.36"
129.64.56.87 - - [10/Feb/2023:14:45:17 +0000] "GET /products.html HTTP/1.1" 200 7890 "https://www.example.com/products" "Mozilla/5.0 (Windows NT 10.0; Win64; x64) AppleWebKit/537.36 (KHTML, like Gecko) Chrome/100.0.4567.89 Safari/537.36"
201.30.45.60 - - [10/Feb/2023:14:48:39 +0000] "GET /services.html HTTP/1.1" 200 4210 "https://www.example.com/services" "Mozilla/5.0 (Windows NT 10.0; Win64; x64) AppleWebKit/537.36 (KHTML, like Gecko) Chrome/100.0.4567.89 Safari/537.36"
150.89.70.42 - - [10/Feb/2023:14:52:04 +0000] "GET /faq.html HTTP/1.1" 200 3101 "https://www.example.com/faq" "Mozilla/5.0 (Windows NT 10.0; Win64; x64) AppleWebKit/537.36 (KHTML, like Gecko) Chrome/100.0.4567.89 Safari/537.36"
132.76.54.12 - - [10/Feb/2023:14:55:22 +0000] "GET /blog/post-123.html HTTP/1.1" 503 0 "https://www.example.com/blog" "Mozilla/5.0 (Windows NT 10.0; Win64; x64) AppleWebKit/537.36 (KHTML, like Gecko) Chrome/100.0.4567.89 Safari/537.36"
207.98.54.23 - - [10/Feb/2023:14:58:45 +0000] "GET /images/banner.jpg HTTP/1.1" 503 0 "https://www.example.com/home" "Mozilla/5.0 (Windows NT 10.0; Win64; x64) AppleWebKit/537.36 (KHTML, like Gecko) Chrome/100.0.4567.89 Safari/537.36"
203.45.67.89 - - [10/Feb/2023:15:02:11 +0000] "GET /404-not-found.html HTTP/1.1" 503 0 "https://www.example.com/not-found" "Mozilla/5.0 (Windows NT 10.0; Win64; x64) AppleWebKit/537.36 (KHTML, like Gecko) Chrome/100.0.4567.89 Safari/537.36"
112.23.34.45 - - [10/Feb/2023:15:05:35 +0000] "GET /download/file.zip HTTP/1.1" 200 20340 "https://www.example.com/downloads" "Mozilla/5.0 (Windows NT 10.0; Win64; x64) AppleWebKit/537.36 (KHTML, like Gecko) Chrome/100.0.4567.89 Safari/537.36"
129.64.56.87 - - [10/Feb/2023:15:08:59 +0000] "POST /submit-form HTTP/1.1" 201 0 "https://www.example.com/forms" "Mozilla/5.0 (Windows NT 10.0; Win64; x64) AppleWebKit/537.36 (KHTML, like Gecko) Chrome/100.0.4567.89 Safari/537.36"
201.30.45.60 - - [10/Feb/2023:15:12:23 +0000] "GET /profile/user123 HTTP/1.1" 503 0 "https://www.example.com/profiles" "Mozilla/5.0 (Windows NT 10.0; Win64; x64) AppleWebKit/537.36 (KHTML, like Gecko) Chrome/100.0.4567.89 Safari/537.36"
